Received Parameters:
Start Date: 2024-08-17
End Date: 2024-08-24
Departments: 
Roles: 
Projects: 
Shifts: 
Teams: 
Bound Parameters:
Start Date: 2024-08-17
End Date: 2024-08-24
Departments: 
Roles: 
Projects: 
Shifts: 
Teams: 
Received Parameters:
Start Date: 2024-08-17
End Date: 2024-08-24
Departments: QA,EBC
Roles: 
Projects: 
Shifts: 
Teams: 
Bound Parameters:
Start Date: 2024-08-17
End Date: 2024-08-24
Departments: QA,EBC
Roles: 
Projects: 
Shifts: 
Teams: 
Received Parameters:
Start Date: 2024-08-17
End Date: 2024-08-24
Departments: QA,EBC
Roles: 
Projects: 
Shifts: 
Teams: 
Bound Parameters:
Start Date: 2024-08-17
End Date: 2024-08-24
Departments: QA,EBC
Roles: 
Projects: 
Shifts: 
Teams: 
